// Jest Snapshot v1, https://goo.gl/fbAQLP

exports[`<First /> should render the heading 1`] = `
<main>
  <h1>
    realize b2c
  </h1>
</main>
`;
